/home/user/Finishing-port/_porting_tools/hh_asset_migrate.py:517: DeprecationWarning: Image.Image.getdata is deprecated and will be removed in Pillow 14 (2027-10-15). Use get_flattened_data instead.
  px = [(p[0] * r // 255, p[1] * g // 255, p[2] * b // 255, p[3]) for p in im.getdata()]
== blockstate skipped (block not registered) (5)
    flour_bag
    grape_trellis
    pizza
    rotten_tomato_crate
    trellis
== fd texture copied (106)
    textures/block/acacia_cabinet_front.png
    textures/block/acacia_cabinet_front_open.png
    textures/block/acacia_cabinet_side.png
    textures/block/acacia_cabinet_top.png
    textures/block/bamboo_cabinet_front.png
    textures/block/bamboo_cabinet_front_open.png
    textures/block/bamboo_cabinet_side.png
    textures/block/bamboo_cabinet_top.png
    textures/block/birch_cabinet_front.png
    textures/block/birch_cabinet_front_open.png
    textures/block/birch_cabinet_side.png
    textures/block/birch_cabinet_top.png
    textures/block/cabbages_stage0.png
    textures/block/cabbages_stage1.png
    textures/block/cabbages_stage2.png
    textures/block/cabbages_stage3.png
    textures/block/cabbages_stage4.png
    textures/block/cabbages_stage5.png
    textures/block/cabbages_stage6.png
    textures/block/cabbages_stage7.png
    textures/block/cherry_cabinet_front.png
    textures/block/cherry_cabinet_front_open.png
    textures/block/cherry_cabinet_side.png
    textures/block/cherry_cabinet_top.png
    textures/block/cooking_pot_bottom.png
    textures/block/cooking_pot_handle.png
    textures/block/cooking_pot_parts.png
    textures/block/cooking_pot_side.png
    textures/block/cooking_pot_top.png
    textures/block/crimson_cabinet_front.png
    textures/block/crimson_cabinet_front_open.png
    textures/block/crimson_cabinet_side.png
    textures/block/crimson_cabinet_top.png
    textures/block/cutting_board.png
    textures/block/dark_oak_cabinet_front.png
    textures/block/dark_oak_cabinet_front_open.png
    textures/block/dark_oak_cabinet_side.png
    textures/block/dark_oak_cabinet_top.png
    textures/block/heating_tray_side.png
    textures/block/heating_tray_top.png
    textures/block/jungle_cabinet_front.png
    textures/block/jungle_cabinet_front_open.png
    textures/block/jungle_cabinet_side.png
    textures/block/jungle_cabinet_top.png
    textures/block/mangrove_cabinet_front.png
    textures/block/mangrove_cabinet_front_open.png
    textures/block/mangrove_cabinet_side.png
    textures/block/mangrove_cabinet_top.png
    textures/block/oak_cabinet_top.png
    textures/block/onions_stage0.png
    textures/block/onions_stage1.png
    textures/block/onions_stage2.png
    textures/block/onions_stage3.png
    textures/block/organic_compost_stage0.png
    textures/block/organic_compost_stage1.png
    textures/block/organic_compost_stage2.png
    textures/block/organic_compost_stage3.png
    textures/block/pie_bottom.png
    textures/block/pie_side.png
    textures/block/rich_soil.png
    textures/block/rich_soil_farmland.png
    textures/block/rich_soil_farmland_moist.png
    textures/block/rich_soil_farmland_moist_side.png
    textures/block/rope.png
    textures/block/spruce_cabinet_front.png
    textures/block/spruce_cabinet_front_open.png
    textures/block/spruce_cabinet_side.png
    textures/block/spruce_cabinet_top.png
    textures/block/straw_bale_end.png
    textures/block/straw_bale_side.png
    textures/block/warped_cabinet_front.png
    textures/block/warped_cabinet_front_open.png
    textures/block/warped_cabinet_side.png
    textures/block/warped_cabinet_top.png
    textures/block/wild_cabbages.png
    textures/block/wild_onions.png
    textures/item/cabbage.png
    textures/item/cabbage_leaf.png
    textures/item/cabbage_seeds.png
    textures/item/canvas.png
    textures/item/hot_cocoa.png
    textures/item/melon_juice.png
    textures/item/milk_bottle.png
    textures/item/onion.png
    textures/item/pie_crust.png
    textures/item/rope.png
    textures/item/straw.png
    textures/item/tomato_sauce.png
    textures/item/tree_bark.png
    textures/particle/sparkle_0.png
    textures/particle/sparkle_1.png
    textures/particle/sparkle_2.png
    textures/particle/sparkle_3.png
    textures/particle/star.png
    textures/particle/steam_0.png
    textures/particle/steam_1.png
    textures/particle/steam_10.png
    textures/particle/steam_11.png
    textures/particle/steam_2.png
    textures/particle/steam_3.png
    textures/particle/steam_4.png
    textures/particle/steam_5.png
    textures/particle/steam_6.png
    textures/particle/steam_7.png
    textures/particle/steam_8.png
    textures/particle/steam_9.png
== lang key dropped (merged/dropped) (21)
    block.hearthandharvest.bamboo_trellis
    block.hearthandharvest.flour_bag
    block.hearthandharvest.grape_trellis
    block.hearthandharvest.pizza
    block.hearthandharvest.rotten_tomato_crate
    block.hearthandharvest.stripped_bamboo_trellis
    block.hearthandharvest.trellis
    item.hearthandharvest.bamboo_trellis
    item.hearthandharvest.batter
    item.hearthandharvest.butter
    item.hearthandharvest.chocolate_bar
    item.hearthandharvest.flour
    item.hearthandharvest.glow_berry_juice
    item.hearthandharvest.glow_berry_wine
    item.hearthandharvest.mead
    item.hearthandharvest.pickled_beetroots
    item.hearthandharvest.pizza_slice
    item.hearthandharvest.stripped_bamboo_trellis
    item.hearthandharvest.sweet_berry_juice
    item.hearthandharvest.sweet_berry_wine
    item.hearthandharvest.trellis
== lang key dropped (trellis) (3)
    block.hearthandharvest.trellis.growth_allowed
    block.hearthandharvest.trellis.growth_blocked
    block.hearthandharvest.trellis.remove_plant_first
== model skipped (dropped block) (91)
    block/flour_bag
    block/rotten_tomato_crate
    block/trellis/base/trellis_flat
    block/trellis/base/trellis_middle_ew
    block/trellis/base/trellis_middle_ns
    block/trellis/base/trellis_side_ew
    block/trellis/base/trellis_side_ns
    block/trellis/base/trellis_top
    block/trellis/base/vine_overlay_flat
    block/trellis/base/vine_overlay_middle_ew
    block/trellis/base/vine_overlay_middle_ns
    block/trellis/base/vine_overlay_side
    block/trellis/base/vine_overlay_top
    block/trellis_bamboo_trellis_flat
    block/trellis_bamboo_trellis_middle_ew
    block/trellis_bamboo_trellis_middle_ns
    block/trellis_bamboo_trellis_side_ew
    block/trellis_bamboo_trellis_side_ns
    block/trellis_bamboo_trellis_top
    block/trellis_grape_vine_overlay_flat
    block/trellis_grape_vine_overlay_middle_ew
    block/trellis_grape_vine_overlay_middle_ns
    block/trellis_grape_vine_overlay_side
    block/trellis_grape_vine_overlay_top
    block/trellis_green_grape_vine_stage0_overlay_flat
    block/trellis_green_grape_vine_stage0_overlay_middle_ew
    block/trellis_green_grape_vine_stage0_overlay_middle_ns
    block/trellis_green_grape_vine_stage0_overlay_side
    block/trellis_green_grape_vine_stage0_overlay_top
    block/trellis_green_grape_vine_stage1_overlay_flat
    block/trellis_green_grape_vine_stage1_overlay_middle_ew
    block/trellis_green_grape_vine_stage1_overlay_middle_ns
    block/trellis_green_grape_vine_stage1_overlay_side
    block/trellis_green_grape_vine_stage1_overlay_top
    block/trellis_green_grape_vine_stage2_overlay_flat
    block/trellis_green_grape_vine_stage2_overlay_middle_ew
    block/trellis_green_grape_vine_stage2_overlay_middle_ns
    block/trellis_green_grape_vine_stage2_overlay_side
    block/trellis_green_grape_vine_stage2_overlay_top
    block/trellis_green_grape_vine_stage3_overlay_flat
    block/trellis_green_grape_vine_stage3_overlay_middle_ew
    block/trellis_green_grape_vine_stage3_overlay_middle_ns
    block/trellis_green_grape_vine_stage3_overlay_side
    block/trellis_green_grape_vine_stage3_overlay_top
    block/trellis_red_grape_vine_stage0_overlay_flat
    block/trellis_red_grape_vine_stage0_overlay_middle_ew
    block/trellis_red_grape_vine_stage0_overlay_middle_ns
    block/trellis_red_grape_vine_stage0_overlay_side
    block/trellis_red_grape_vine_stage0_overlay_top
    block/trellis_red_grape_vine_stage1_overlay_flat
    block/trellis_red_grape_vine_stage1_overlay_middle_ew
    block/trellis_red_grape_vine_stage1_overlay_middle_ns
    block/trellis_red_grape_vine_stage1_overlay_side
    block/trellis_red_grape_vine_stage1_overlay_top
    block/trellis_red_grape_vine_stage2_overlay_flat
    block/trellis_red_grape_vine_stage2_overlay_middle_ew
    block/trellis_red_grape_vine_stage2_overlay_middle_ns
    block/trellis_red_grape_vine_stage2_overlay_side
    block/trellis_red_grape_vine_stage2_overlay_top
    block/trellis_red_grape_vine_stage3_overlay_flat
    block/trellis_red_grape_vine_stage3_overlay_middle_ew
    block/trellis_red_grape_vine_stage3_overlay_middle_ns
    block/trellis_red_grape_vine_stage3_overlay_side
    block/trellis_red_grape_vine_stage3_overlay_top
    block/trellis_rose_vine_overlay_flat
    block/trellis_rose_vine_overlay_middle_ew
    block/trellis_rose_vine_overlay_middle_ns
    block/trellis_rose_vine_overlay_side
    block/trellis_rose_vine_overlay_top
    block/trellis_stripped_bamboo_trellis_flat
    block/trellis_stripped_bamboo_trellis_middle_ew
    block/trellis_stripped_bamboo_trellis_middle_ns
    block/trellis_stripped_bamboo_trellis_side_ew
    block/trellis_stripped_bamboo_trellis_side_ns
    block/trellis_stripped_bamboo_trellis_top
    block/trellis_trellis_flat
    block/trellis_trellis_middle_ew
    block/trellis_trellis_middle_ns
    block/trellis_trellis_side_ew
    block/trellis_trellis_side_ns
    block/trellis_trellis_top
    block/trellis_vine_overlay_flat
    block/trellis_vine_overlay_middle_ew
    block/trellis_vine_overlay_middle_ns
    block/trellis_vine_overlay_side
    block/trellis_vine_overlay_top
    item/bamboo_trellis
    item/flour_bag
    item/rotten_tomato_crate
    item/stripped_bamboo_trellis
    item/trellis
== model skipped (merged item: its own mod's model is used) (40)
    item/2d_glow_berry_wine
    item/2d_mead
    item/2d_pickled_beetroots
    item/2d_sweet_berry_wine
    item/batter
    item/butter
    item/chocolate_bar
    item/flour
    item/glow_berry_juice
    item/glow_berry_wine
    item/mead
    item/pickled_beetroots
    item/pizza
    item/pizza_slice
    item/sweet_berry_juice
    item/sweet_berry_wine
    item/vintage/2d_glow_berry_wine_aged
    item/vintage/2d_glow_berry_wine_fine
    item/vintage/2d_glow_berry_wine_reserve
    item/vintage/2d_mead_aged
    item/vintage/2d_mead_fine
    item/vintage/2d_mead_reserve
    item/vintage/2d_pickled_beetroots_aged
    item/vintage/2d_pickled_beetroots_fine
    item/vintage/2d_pickled_beetroots_reserve
    item/vintage/2d_sweet_berry_wine_aged
    item/vintage/2d_sweet_berry_wine_fine
    item/vintage/2d_sweet_berry_wine_reserve
    item/vintage/glow_berry_wine_aged
    item/vintage/glow_berry_wine_fine
    item/vintage/glow_berry_wine_reserve
    item/vintage/mead_aged
    item/vintage/mead_fine
    item/vintage/mead_reserve
    item/vintage/pickled_beetroots_aged
    item/vintage/pickled_beetroots_fine
    item/vintage/pickled_beetroots_reserve
    item/vintage/sweet_berry_wine_aged
    item/vintage/sweet_berry_wine_fine
    item/vintage/sweet_berry_wine_reserve
== model skipped (trident-style pitchfork rendering not ported, per user) (2)
    item/pitchfork_in_hand
    item/pitchfork_throwing
== model skipped (unused, broken in 1.21.1) (4)
    block/jar_1
    block/jar_2
    block/jar_3
    block/jar_4
== texture from Crabber's Delight (palm blocks only exist with that mod) (3)
    crabbersdelight:block/palm_cabinet_front
    crabbersdelight:block/palm_cabinet_front_open
    crabbersdelight:block/palm_cabinet_side
== texture skipped (dropped trellis) (6)
    block/bamboo_trellis.png
    block/bamboo_trellis_flat.png
    block/stripped_bamboo_trellis.png
    block/stripped_bamboo_trellis_flat.png
    block/trellis.png
    block/trellis_flat.png
== texture skipped (merged/dropped item) (15)
    item/bamboo_trellis.png
    item/batter.png
    item/butter.png
    item/chocolate_bar.png
    item/flour.png
    item/glow_berry_juice.png
    item/glow_berry_wine.png
    item/mead.png
    item/pickled_beetroots.png
    item/pizza.png
    item/pizza_slice.png
    item/stripped_bamboo_trellis.png
    item/sweet_berry_juice.png
    item/sweet_berry_wine.png
    item/trellis.png
json written: 1269
